 *************************************************
 Autochem(temporal name) May 2017
 Author: Teresa Tamayo Mendoza 
 *************************************************

 Starting at Fri Jun  2 17:42:44 2017
 -------------------------------------------------------- 
 Task: Energy 

 Output molden file: h2o-0.molden 
 Single point ...
 ---Start--- 
 Initial parameters 
 Maximum number of SCF: 300
 Default SCF tolerance: 0.000000
 Initial density matrix: None
 Atomic coordinates
  O 1 8 0.0 0.0 0.0916858011029
  H 2 1 1.42296788349 0.0 -0.981209549317
  H 3 1 -1.42296788349 0.0 -0.981209549317
 Basis functions
  1 0.000000 0.000000 0.091686 s 49.980971 0 0 0
  2 0.000000 0.000000 0.091686 s 8.896588 0 0 0
  3 0.000000 0.000000 0.091686 s 1.945237 0 0 0
  4 0.000000 0.000000 0.091686 s 0.493363 0 0 0
  5 0.000000 0.000000 0.091686 p 1.945237 1 0 0
  6 0.000000 0.000000 0.091686 p 1.945237 0 1 0
  7 0.000000 0.000000 0.091686 p 1.945237 0 0 1
  8 0.000000 0.000000 0.091686 p 0.493363 1 0 0
  9 0.000000 0.000000 0.091686 p 0.493363 0 1 0
  10 0.000000 0.000000 0.091686 p 0.493363 0 0 1
  11 1.422968 0.000000 -0.981210 s 1.309756 0 0 0
  12 1.422968 0.000000 -0.981210 s 0.233136 0 0 0
  13 -1.422968 0.000000 -0.981210 s 1.309756 0 0 0
  14 -1.422968 0.000000 -0.981210 s 0.233136 0 0 0

 ---End--- 
 Time 3.9481890 :
 SCF converged!!
 Energy: -72.9771868 
 Finishing at Fri Jun  2 17:42:48 2017 
 *************************************************

