 *************************************************
 Autochem(temporal name) May 2017
 Author: Teresa Tamayo Mendoza 
 *************************************************

 Starting at Fri Jun  2 17:42:58 2017
 -------------------------------------------------------- 
 Task: Energy 

 Output molden file: hcn-0.molden 
 Single point ...
 ---Start--- 
 Initial parameters 
 Maximum number of SCF: 300
 Default SCF tolerance: 0.000000
 Initial density matrix: None
 Atomic coordinates
  H 1 1 0.0 0.0 0.0
  C 2 6 0.0 0.0 2.01255817784
  N 3 7 0.0 0.0 4.19141224267
 Basis functions
  1 0.000000 0.000000 0.000000 s 1.309756 0 0 0
  2 0.000000 0.000000 0.000000 s 0.233136 0 0 0
  3 0.000000 0.000000 2.012558 s 27.385033 0 0 0
  4 0.000000 0.000000 2.012558 s 4.874522 0 0 0
  5 0.000000 0.000000 2.012558 s 1.136748 0 0 0
  6 0.000000 0.000000 2.012558 s 0.288309 0 0 0
  7 0.000000 0.000000 2.012558 p 1.136748 1 0 0
  8 0.000000 0.000000 2.012558 p 1.136748 0 1 0
  9 0.000000 0.000000 2.012558 p 1.136748 0 0 1
  10 0.000000 0.000000 2.012558 p 0.288309 1 0 0
  11 0.000000 0.000000 2.012558 p 0.288309 0 1 0
  12 0.000000 0.000000 2.012558 p 0.288309 0 0 1
  13 0.000000 0.000000 4.191412 s 99.106169 0 0 0
  14 0.000000 0.000000 4.191412 s 18.052312 0 0 0
  15 0.000000 0.000000 4.191412 s 4.885660 0 0 0
  16 0.000000 0.000000 4.191412 s 3.780456 0 0 0
  17 0.000000 0.000000 4.191412 s 0.878497 0 0 0
  18 0.000000 0.000000 4.191412 s 0.285714 0 0 0
  19 0.000000 0.000000 4.191412 p 3.780456 1 0 0
  20 0.000000 0.000000 4.191412 p 3.780456 0 1 0
  21 0.000000 0.000000 4.191412 p 3.780456 0 0 1
  22 0.000000 0.000000 4.191412 p 0.878497 1 0 0
  23 0.000000 0.000000 4.191412 p 0.878497 0 1 0
  24 0.000000 0.000000 4.191412 p 0.878497 0 0 1
  25 0.000000 0.000000 4.191412 p 0.285714 1 0 0
  26 0.000000 0.000000 4.191412 p 0.285714 0 1 0
  27 0.000000 0.000000 4.191412 p 0.285714 0 0 1

