 *************************************************
 Autochem(temporal name) May 2017
 Author: Teresa Tamayo Mendoza 
 *************************************************

 Starting at Fri Jun  9 16:09:49 2017
 -------------------------------------------------------- 
 Task: Grad 

