 *************************************************
 Autochem(temporal name) May 2017
 Author: Teresa Tamayo Mendoza 
 *************************************************

 Starting at Fri Jun  2 17:42:48 2017
 -------------------------------------------------------- 
 Task: Energy 

 Output molden file: ch4-0.molden 
 Single point ...
 ---Start--- 
 Initial parameters 
 Maximum number of SCF: 300
 Default SCF tolerance: 0.000000
 Initial density matrix: None
 Atomic coordinates
  C 1 6 0.0 0.0 0.0
  H 2 1 1.18218105783 -1.18218105783 1.18218105783
  H 3 1 -1.18218105783 1.18218105783 1.18218105783
  H 4 1 1.18218105783 1.18218105783 -1.18218105783
  H 5 1 -1.18218105783 -1.18218105783 -1.18218105783
 Basis functions
  1 0.000000 0.000000 0.000000 s 27.385033 0 0 0
  2 0.000000 0.000000 0.000000 s 4.874522 0 0 0
  3 0.000000 0.000000 0.000000 s 1.136748 0 0 0
  4 0.000000 0.000000 0.000000 s 0.288309 0 0 0
  5 0.000000 0.000000 0.000000 p 1.136748 1 0 0
  6 0.000000 0.000000 0.000000 p 1.136748 0 1 0
  7 0.000000 0.000000 0.000000 p 1.136748 0 0 1
  8 0.000000 0.000000 0.000000 p 0.288309 1 0 0
  9 0.000000 0.000000 0.000000 p 0.288309 0 1 0
  10 0.000000 0.000000 0.000000 p 0.288309 0 0 1
  11 1.182181 -1.182181 1.182181 s 1.309756 0 0 0
  12 1.182181 -1.182181 1.182181 s 0.233136 0 0 0
  13 -1.182181 1.182181 1.182181 s 1.309756 0 0 0
  14 -1.182181 1.182181 1.182181 s 0.233136 0 0 0
  15 1.182181 1.182181 -1.182181 s 1.309756 0 0 0
  16 1.182181 1.182181 -1.182181 s 0.233136 0 0 0
  17 -1.182181 -1.182181 -1.182181 s 1.309756 0 0 0
  18 -1.182181 -1.182181 -1.182181 s 0.233136 0 0 0

 ---End--- 
 Time 9.3359390 :
 SCF converged!!
 Energy: -38.6835840 
 Finishing at Fri Jun  2 17:42:58 2017 
 *************************************************

