 *************************************************
 Autochem(temporal name) May 2017
 Author: Teresa Tamayo Mendoza 
 *************************************************

 Starting at Fri Jun  2 17:42:44 2017
 -------------------------------------------------------- 
 Task: Energy 

 Output molden file: h2-0.molden 
 Single point ...
 ---Start--- 
 Initial parameters 
 Maximum number of SCF: 300
 Default SCF tolerance: 0.000000
 Initial density matrix: None
 Atomic coordinates
  H 1 1 0.0 0.0 0.692179209692
  H 2 1 0.0 0.0 -0.692179209692
 Basis functions
  1 0.000000 0.000000 0.692179 s 1.309756 0 0 0
  2 0.000000 0.000000 0.692179 s 0.233136 0 0 0
  3 0.000000 0.000000 -0.692179 s 1.309756 0 0 0
  4 0.000000 0.000000 -0.692179 s 0.233136 0 0 0

 ---End--- 
 Time 0.0255520 :
 SCF converged!!
 Energy: -1.0964861 
 Finishing at Fri Jun  2 17:42:44 2017 
 *************************************************

