   0   0 1.964634565500000 
   0   1 0.359937302693536 
   0   2 0.091459415824332 
   0   3 0.184040137617149 
   1   0 0.359937302693536 
   1   1 0.349703961000000 
   1   2 0.184040137617149 
   1   3 0.238037535996848 
   2   0 0.091459415824332 
   2   1 0.184040137617149 
   2   2 1.964634565500000 
   2   3 0.359937302693536 
   3   0 0.184040137617149 
   3   1 0.238037535996848 
   3   2 0.359937302693536 
   3   3 0.349703961000000 
