   0   0 -2.547521389178006 
   0   1 -1.281036544153197 
   0   2 -0.730498280492261 
   0   3 -0.907940983089055 
   1   0 -1.281036544153197 
   1   1 -1.361917614967318 
   1   2 -0.907940983089055 
   1   3 -1.146553173315410 
   2   0 -0.730498280492261 
   2   1 -0.907940983089055 
   2   2 -2.547521389178006 
   2   3 -1.281036544153197 
   3   0 -0.907940983089055 
   3   1 -1.146553173315410 
   3   2 -1.281036544153197 
   3   3 -1.361917614967318 
