   0   0 1.000000000000000 
   0   1 0.606235570910297 
   0   2 0.285064403402499 
   0   3 0.414879232779018 
   1   0 0.606235570910297 
   1   1 1.000000000000000 
   1   2 0.414879232779018 
   1   3 0.799797656446620 
   2   0 0.285064403402499 
   2   1 0.414879232779018 
   2   2 1.000000000000000 
   2   3 0.606235570910297 
   3   0 0.414879232779018 
   3   1 0.799797656446620 
   3   2 0.606235570910297 
   3   3 1.000000000000000 
